### Test Case 1
r[1] = 0x4c
r[2] = 0x53
r[3] = 0x13
r[4] = 0xb
r[5] = 0x26
r[6] = 0x43
r[7] = 0x14
r[8] = 0x28
r[9] = 0x1b
r[10] = 0x1f
r[11] = 0x12
r[12] = 0x5
r[13] = 0x52
r[14] = 0x52
r[15] = 0x49
r[16] = 0x19
r[17] = 0x4b
r[18] = 0x3b
r[19] = 0x35
r[20] = 0x37
r[21] = 0x4
r[22] = 0x4
r[23] = 0x17
r[24] = 0x4e
r[25] = 0x8
r[26] = 0x4d
r[27] = 0x2d
r[28] = 0x30
r[29] = 0x58
r[30] = 0x5d
r[31] = 0x27
r[32] = 0x6

### Test Case 2
r[1] = 0x3c
r[2] = 0x20
r[3] = 0xe
r[4] = 0x61
r[5] = 0x9
r[6] = 0x0
r[7] = 0x4a
r[8] = 0x47
r[9] = 0x2
r[10] = 0x46
r[11] = 0x4a
r[12] = 0x60
r[13] = 0x3f
r[14] = 0xe
r[15] = 0x28
r[16] = 0x7
r[17] = 0xe
r[18] = 0x23
r[19] = 0x17
r[20] = 0x51
r[21] = 0x33
r[22] = 0x3d
r[23] = 0x28
r[24] = 0x3f
r[25] = 0x21
r[26] = 0x61
r[27] = 0x1a
r[28] = 0x59
r[29] = 0x21
r[30] = 0x57
r[31] = 0x52
r[32] = 0x4

### Test Case 3
r[1] = 0x5c
r[2] = 0x24
r[3] = 0x20
r[4] = 0x44
r[5] = 0x5
r[6] = 0x32
r[7] = 0x1b
r[8] = 0x2f
r[9] = 0x15
r[10] = 0x45
r[11] = 0x53
r[12] = 0x63
r[13] = 0x21
r[14] = 0x55
r[15] = 0x32
r[16] = 0x1f
r[17] = 0x54
r[18] = 0x35
r[19] = 0x5a
r[20] = 0x5d
r[21] = 0x3b
r[22] = 0x12
r[23] = 0x5d
r[24] = 0x5b
r[25] = 0xf
r[26] = 0x44
r[27] = 0x44
r[28] = 0x58
r[29] = 0x1
r[30] = 0x1a
r[31] = 0x54
r[32] = 0x6

### Test Case 4
r[1] = 0x38
r[2] = 0x21
r[3] = 0x47
r[4] = 0x4c
r[5] = 0x17
r[6] = 0x48
r[7] = 0x1c
r[8] = 0x2f
r[9] = 0x3f
r[10] = 0x64
r[11] = 0x3d
r[12] = 0x38
r[13] = 0x2d
r[14] = 0x3a
r[15] = 0x4b
r[16] = 0x12
r[17] = 0x10
r[18] = 0x4d
r[19] = 0x1f
r[20] = 0x2e
r[21] = 0x3a
r[22] = 0x3
r[23] = 0x2e
r[24] = 0x22
r[25] = 0x3
r[26] = 0x19
r[27] = 0xb
r[28] = 0x25
r[29] = 0x54
r[30] = 0x9
r[31] = 0x47
r[32] = 0x57

### Test Case 5
r[1] = 0x5a
r[2] = 0x2e
r[3] = 0x50
r[4] = 0x52
r[5] = 0x35
r[6] = 0x2e
r[7] = 0x1a
r[8] = 0x4
r[9] = 0x21
r[10] = 0xb
r[11] = 0x53
r[12] = 0x17
r[13] = 0xd
r[14] = 0xa
r[15] = 0x13
r[16] = 0x2e
r[17] = 0x1b
r[18] = 0x30
r[19] = 0x3e
r[20] = 0x4b
r[21] = 0x58
r[22] = 0x5a
r[23] = 0x31
r[24] = 0x5b
r[25] = 0x1e
r[26] = 0x16
r[27] = 0x5a
r[28] = 0x44
r[29] = 0x2d
r[30] = 0x55
r[31] = 0x3f
r[32] = 0x58

### Test Case 6
r[1] = 0x5c
r[2] = 0x23
r[3] = 0x3f
r[4] = 0x36
r[5] = 0x53
r[6] = 0xd
r[7] = 0x48
r[8] = 0x3c
r[9] = 0x2
r[10] = 0x33
r[11] = 0x18
r[12] = 0x5c
r[13] = 0x2d
r[14] = 0x46
r[15] = 0x5e
r[16] = 0xf
r[17] = 0x6
r[18] = 0x37
r[19] = 0x1
r[20] = 0x34
r[21] = 0x20
r[22] = 0x4d
r[23] = 0x52
r[24] = 0x48
r[25] = 0x23
r[26] = 0x30
r[27] = 0x27
r[28] = 0x49
r[29] = 0x3
r[30] = 0x8
r[31] = 0x40
r[32] = 0x5a

### Test Case 7
r[1] = 0x3b
r[2] = 0x2a
r[3] = 0x1a
r[4] = 0x18
r[5] = 0x1
r[6] = 0x14
r[7] = 0x57
r[8] = 0x2b
r[9] = 0x24
r[10] = 0x27
r[11] = 0x7
r[12] = 0x49
r[13] = 0x2f
r[14] = 0x5b
r[15] = 0x21
r[16] = 0x5c
r[17] = 0x4e
r[18] = 0x5d
r[19] = 0xd
r[20] = 0x1
r[21] = 0x53
r[22] = 0x2e
r[23] = 0x48
r[24] = 0x15
r[25] = 0x35
r[26] = 0x4a
r[27] = 0x20
r[28] = 0x43
r[29] = 0x30
r[30] = 0x58
r[31] = 0x43
r[32] = 0x0

### Test Case 8
r[1] = 0x43
r[2] = 0x5f
r[3] = 0x41
r[4] = 0x40
r[5] = 0x1
r[6] = 0x27
r[7] = 0x33
r[8] = 0x1e
r[9] = 0x11
r[10] = 0x5
r[11] = 0x17
r[12] = 0x3f
r[13] = 0x5
r[14] = 0x60
r[15] = 0x61
r[16] = 0x35
r[17] = 0xb
r[18] = 0x18
r[19] = 0x4b
r[20] = 0x32
r[21] = 0x5
r[22] = 0x15
r[23] = 0xc
r[24] = 0x48
r[25] = 0x11
r[26] = 0x20
r[27] = 0x44
r[28] = 0x28
r[29] = 0x3
r[30] = 0xb
r[31] = 0x7
r[32] = 0x29

### Test Case 9
r[1] = 0x64
r[2] = 0x2e
r[3] = 0x38
r[4] = 0x30
r[5] = 0x14
r[6] = 0x41
r[7] = 0x14
r[8] = 0x58
r[9] = 0x1a
r[10] = 0x41
r[11] = 0x21
r[12] = 0xe
r[13] = 0x51
r[14] = 0x1e
r[15] = 0x5c
r[16] = 0xc
r[17] = 0x5a
r[18] = 0x1c
r[19] = 0x57
r[20] = 0x30
r[21] = 0x8
r[22] = 0x37
r[23] = 0xd
r[24] = 0x63
r[25] = 0x40
r[26] = 0x6
r[27] = 0x22
r[28] = 0x5
r[29] = 0x9
r[30] = 0x3b
r[31] = 0xd
r[32] = 0x4c

### Test Case 10
r[1] = 0x12
r[2] = 0x3b
r[3] = 0x3b
r[4] = 0x58
r[5] = 0x34
r[6] = 0x1d
r[7] = 0xe
r[8] = 0x47
r[9] = 0x38
r[10] = 0x18
r[11] = 0x4a
r[12] = 0x4c
r[13] = 0x38
r[14] = 0x2f
r[15] = 0x2b
r[16] = 0x2
r[17] = 0x55
r[18] = 0x3d
r[19] = 0x43
r[20] = 0x2e
r[21] = 0x12
r[22] = 0x18
r[23] = 0x4b
r[24] = 0x9
r[25] = 0x8
r[26] = 0x57
r[27] = 0x1c
r[28] = 0x10
r[29] = 0x26
r[30] = 0x61
r[31] = 0x2a
r[32] = 0x3d

### Test Case 11
r[1] = 0x5b
r[2] = 0x10
r[3] = 0x59
r[4] = 0x24
r[5] = 0x63
r[6] = 0x1d
r[7] = 0x5a
r[8] = 0x64
r[9] = 0x3d
r[10] = 0x5e
r[11] = 0x5d
r[12] = 0x52
r[13] = 0x5b
r[14] = 0x5a
r[15] = 0x62
r[16] = 0x0
r[17] = 0x15
r[18] = 0x5f
r[19] = 0x61
r[20] = 0xe
r[21] = 0x27
r[22] = 0x52
r[23] = 0x59
r[24] = 0x4b
r[25] = 0x50
r[26] = 0x45
r[27] = 0x2c
r[28] = 0x63
r[29] = 0x61
r[30] = 0x3b
r[31] = 0x1e
r[32] = 0x55

### Test Case 12
r[1] = 0x6
r[2] = 0x5a
r[3] = 0x2a
r[4] = 0x16
r[5] = 0x3e
r[6] = 0xe
r[7] = 0x13
r[8] = 0x2e
r[9] = 0x2a
r[10] = 0x1d
r[11] = 0x38
r[12] = 0x2d
r[13] = 0x1d
r[14] = 0xe
r[15] = 0x1b
r[16] = 0x21
r[17] = 0x38
r[18] = 0x21
r[19] = 0x1d
r[20] = 0x28
r[21] = 0x23
r[22] = 0x27
r[23] = 0x41
r[24] = 0x5e
r[25] = 0x26
r[26] = 0x22
r[27] = 0x38
r[28] = 0x9
r[29] = 0x36
r[30] = 0x4b
r[31] = 0x47
r[32] = 0x26

### Test Case 13
r[1] = 0x48
r[2] = 0x3d
r[3] = 0x53
r[4] = 0x32
r[5] = 0xd
r[6] = 0x45
r[7] = 0x62
r[8] = 0x34
r[9] = 0x15
r[10] = 0x60
r[11] = 0x18
r[12] = 0x5b
r[13] = 0x36
r[14] = 0x3
r[15] = 0x42
r[16] = 0x14
r[17] = 0x2e
r[18] = 0x38
r[19] = 0x4f
r[20] = 0x3
r[21] = 0x37
r[22] = 0x63
r[23] = 0x4d
r[24] = 0xf
r[25] = 0x1f
r[26] = 0x58
r[27] = 0x57
r[28] = 0x31
r[29] = 0x3f
r[30] = 0x14
r[31] = 0x3a
r[32] = 0x27

### Test Case 14
r[1] = 0x50
r[2] = 0x48
r[3] = 0x1f
r[4] = 0x1c
r[5] = 0x3c
r[6] = 0x4b
r[7] = 0x4a
r[8] = 0x8
r[9] = 0x63
r[10] = 0x2d
r[11] = 0x22
r[12] = 0x43
r[13] = 0x4c
r[14] = 0x13
r[15] = 0x36
r[16] = 0x1f
r[17] = 0x46
r[18] = 0x60
r[19] = 0xd
r[20] = 0x4d
r[21] = 0x44
r[22] = 0x4d
r[23] = 0x8
r[24] = 0x40
r[25] = 0x53
r[26] = 0xc
r[27] = 0x41
r[28] = 0x26
r[29] = 0x43
r[30] = 0x24
r[31] = 0x58
r[32] = 0x30

### Test Case 15
r[1] = 0x3a
r[2] = 0x5e
r[3] = 0x6
r[4] = 0x14
r[5] = 0x52
r[6] = 0x5b
r[7] = 0x8
r[8] = 0x38
r[9] = 0xf
r[10] = 0x47
r[11] = 0x61
r[12] = 0x6
r[13] = 0x2f
r[14] = 0x45
r[15] = 0x9
r[16] = 0x12
r[17] = 0x0
r[18] = 0x9
r[19] = 0xd
r[20] = 0x38
r[21] = 0x4e
r[22] = 0x20
r[23] = 0x4f
r[24] = 0x16
r[25] = 0x5f
r[26] = 0x54
r[27] = 0x48
r[28] = 0x16
r[29] = 0x6
r[30] = 0x2
r[31] = 0x33
r[32] = 0x57

### Test Case 16
r[1] = 0x19
r[2] = 0x11
r[3] = 0x42
r[4] = 0x12
r[5] = 0x1e
r[6] = 0x14
r[7] = 0x29
r[8] = 0xe
r[9] = 0x4d
r[10] = 0x3
r[11] = 0x46
r[12] = 0xb
r[13] = 0x15
r[14] = 0x27
r[15] = 0x5b
r[16] = 0x31
r[17] = 0x4e
r[18] = 0x6
r[19] = 0x4
r[20] = 0x37
r[21] = 0x5c
r[22] = 0x1e
r[23] = 0x60
r[24] = 0x2
r[25] = 0x5b
r[26] = 0x10
r[27] = 0x33
r[28] = 0x5e
r[29] = 0x34
r[30] = 0x59
r[31] = 0x5a
r[32] = 0x35

### Test Case 17
r[1] = 0x29
r[2] = 0xc
r[3] = 0x61
r[4] = 0x2f
r[5] = 0x48
r[6] = 0x33
r[7] = 0x38
r[8] = 0x2c
r[9] = 0x9
r[10] = 0x23
r[11] = 0x4d
r[12] = 0x46
r[13] = 0x12
r[14] = 0x50
r[15] = 0x5a
r[16] = 0x1a
r[17] = 0x4b
r[18] = 0x3b
r[19] = 0x41
r[20] = 0x1b
r[21] = 0x5d
r[22] = 0x45
r[23] = 0x52
r[24] = 0x26
r[25] = 0x24
r[26] = 0x2f
r[27] = 0x8
r[28] = 0x15
r[29] = 0x36
r[30] = 0x20
r[31] = 0x35
r[32] = 0x27

### Test Case 18
r[1] = 0x15
r[2] = 0x64
r[3] = 0x5a
r[4] = 0x49
r[5] = 0x15
r[6] = 0x3f
r[7] = 0x24
r[8] = 0xb
r[9] = 0x3c
r[10] = 0x5f
r[11] = 0x26
r[12] = 0x38
r[13] = 0x4e
r[14] = 0x63
r[15] = 0x44
r[16] = 0x4
r[17] = 0x3
r[18] = 0x21
r[19] = 0x1d
r[20] = 0x38
r[21] = 0x33
r[22] = 0xf
r[23] = 0x33
r[24] = 0x48
r[25] = 0x64
r[26] = 0x3c
r[27] = 0x10
r[28] = 0x26
r[29] = 0x49
r[30] = 0x12
r[31] = 0x61
r[32] = 0x14

### Test Case 19
r[1] = 0x21
r[2] = 0x5b
r[3] = 0xd
r[4] = 0x16
r[5] = 0x46
r[6] = 0x5e
r[7] = 0x4c
r[8] = 0x25
r[9] = 0x5b
r[10] = 0x16
r[11] = 0x53
r[12] = 0x53
r[13] = 0x4c
r[14] = 0x55
r[15] = 0x1e
r[16] = 0x4b
r[17] = 0x46
r[18] = 0x3a
r[19] = 0x3b
r[20] = 0x55
r[21] = 0x4
r[22] = 0x5e
r[23] = 0x38
r[24] = 0x3c
r[25] = 0x63
r[26] = 0xb
r[27] = 0x46
r[28] = 0x52
r[29] = 0x5f
r[30] = 0x44
r[31] = 0x34
r[32] = 0x15

### Test Case 20
r[1] = 0x13
r[2] = 0x48
r[3] = 0x50
r[4] = 0x5d
r[5] = 0x16
r[6] = 0x5d
r[7] = 0x3c
r[8] = 0x42
r[9] = 0x62
r[10] = 0x9
r[11] = 0x5f
r[12] = 0x40
r[13] = 0x36
r[14] = 0x58
r[15] = 0x6
r[16] = 0x55
r[17] = 0x4f
r[18] = 0x29
r[19] = 0x40
r[20] = 0x5d
r[21] = 0x35
r[22] = 0xa
r[23] = 0xe
r[24] = 0x1c
r[25] = 0x28
r[26] = 0x5b
r[27] = 0x49
r[28] = 0x12
r[29] = 0x31
r[30] = 0x13
r[31] = 0x3c
r[32] = 0x10

### Test Case 21
r[1] = 0x8
r[2] = 0x43
r[3] = 0x6
r[4] = 0xd
r[5] = 0x4c
r[6] = 0x5c
r[7] = 0x19
r[8] = 0x0
r[9] = 0x5f
r[10] = 0x47
r[11] = 0x5f
r[12] = 0x4e
r[13] = 0x32
r[14] = 0x35
r[15] = 0x2f
r[16] = 0x5f
r[17] = 0x55
r[18] = 0x58
r[19] = 0xf
r[20] = 0x5e
r[21] = 0x33
r[22] = 0x11
r[23] = 0x47
r[24] = 0x26
r[25] = 0xe
r[26] = 0x21
r[27] = 0x62
r[28] = 0x21
r[29] = 0x21
r[30] = 0x14
r[31] = 0x1a
r[32] = 0x4d

### Test Case 22
r[1] = 0x5c
r[2] = 0xf
r[3] = 0x52
r[4] = 0x2c
r[5] = 0x5a
r[6] = 0x2e
r[7] = 0x56
r[8] = 0x11
r[9] = 0x4b
r[10] = 0x34
r[11] = 0xf
r[12] = 0x26
r[13] = 0x5a
r[14] = 0x10
r[15] = 0x51
r[16] = 0x11
r[17] = 0x5f
r[18] = 0x6
r[19] = 0x4a
r[20] = 0xa
r[21] = 0x30
r[22] = 0x63
r[23] = 0x54
r[24] = 0x0
r[25] = 0xa
r[26] = 0x12
r[27] = 0x38
r[28] = 0x57
r[29] = 0x53
r[30] = 0x5f
r[31] = 0x41
r[32] = 0x18

### Test Case 23
r[1] = 0x51
r[2] = 0x56
r[3] = 0x49
r[4] = 0x13
r[5] = 0x3f
r[6] = 0x29
r[7] = 0x4a
r[8] = 0x14
r[9] = 0x40
r[10] = 0x2c
r[11] = 0x31
r[12] = 0x60
r[13] = 0x49
r[14] = 0x31
r[15] = 0x6
r[16] = 0x1c
r[17] = 0x31
r[18] = 0x10
r[19] = 0x39
r[20] = 0x1f
r[21] = 0x63
r[22] = 0x49
r[23] = 0x3d
r[24] = 0x4b
r[25] = 0x51
r[26] = 0x63
r[27] = 0x1a
r[28] = 0x50
r[29] = 0x26
r[30] = 0x45
r[31] = 0x13
r[32] = 0x5a

### Test Case 24
r[1] = 0x36
r[2] = 0x46
r[3] = 0x6
r[4] = 0x5a
r[5] = 0x2a
r[6] = 0x51
r[7] = 0x1
r[8] = 0x3c
r[9] = 0x3f
r[10] = 0x46
r[11] = 0x48
r[12] = 0x3e
r[13] = 0x5e
r[14] = 0x11
r[15] = 0x16
r[16] = 0x26
r[17] = 0x16
r[18] = 0x4b
r[19] = 0x62
r[20] = 0x51
r[21] = 0x1e
r[22] = 0x25
r[23] = 0x2f
r[24] = 0x54
r[25] = 0x41
r[26] = 0x58
r[27] = 0x3c
r[28] = 0x30
r[29] = 0x11
r[30] = 0x1c
r[31] = 0x15
r[32] = 0x1f

### Test Case 25
r[1] = 0x0
r[2] = 0x2
r[3] = 0x7
r[4] = 0x5b
r[5] = 0x5e
r[6] = 0x5
r[7] = 0x42
r[8] = 0x4c
r[9] = 0x5d
r[10] = 0x2a
r[11] = 0x59
r[12] = 0x9
r[13] = 0x5e
r[14] = 0xe
r[15] = 0x21
r[16] = 0x35
r[17] = 0xc
r[18] = 0x1a
r[19] = 0x26
r[20] = 0x22
r[21] = 0x47
r[22] = 0x55
r[23] = 0x1c
r[24] = 0x5a
r[25] = 0x5
r[26] = 0x5f
r[27] = 0x2c
r[28] = 0x61
r[29] = 0x18
r[30] = 0x4e
r[31] = 0xf
r[32] = 0x28

### Test Case 26
r[1] = 0x11
r[2] = 0xd
r[3] = 0x37
r[4] = 0x1c
r[5] = 0x16
r[6] = 0x5e
r[7] = 0x3d
r[8] = 0x54
r[9] = 0x19
r[10] = 0x61
r[11] = 0x58
r[12] = 0x29
r[13] = 0x57
r[14] = 0x54
r[15] = 0x51
r[16] = 0x52
r[17] = 0x7
r[18] = 0x31
r[19] = 0x35
r[20] = 0x55
r[21] = 0x35
r[22] = 0x4a
r[23] = 0x1d
r[24] = 0x7
r[25] = 0xe
r[26] = 0x56
r[27] = 0x49
r[28] = 0x26
r[29] = 0x2d
r[30] = 0x5f
r[31] = 0x28
r[32] = 0x63

### Test Case 27
r[1] = 0x54
r[2] = 0x3f
r[3] = 0x30
r[4] = 0x63
r[5] = 0x41
r[6] = 0x45
r[7] = 0x3b
r[8] = 0x29
r[9] = 0x41
r[10] = 0x7
r[11] = 0x28
r[12] = 0x2e
r[13] = 0x56
r[14] = 0x53
r[15] = 0x62
r[16] = 0x33
r[17] = 0xc
r[18] = 0x5f
r[19] = 0x40
r[20] = 0x5e
r[21] = 0x27
r[22] = 0x37
r[23] = 0x41
r[24] = 0xa
r[25] = 0x49
r[26] = 0x2a
r[27] = 0x42
r[28] = 0x14
r[29] = 0x58
r[30] = 0x18
r[31] = 0x52
r[32] = 0x33

### Test Case 28
r[1] = 0x61
r[2] = 0x59
r[3] = 0x3
r[4] = 0x39
r[5] = 0x18
r[6] = 0x2a
r[7] = 0x5e
r[8] = 0x24
r[9] = 0xf
r[10] = 0x64
r[11] = 0x4e
r[12] = 0x38
r[13] = 0x13
r[14] = 0x3a
r[15] = 0x1c
r[16] = 0x13
r[17] = 0xd
r[18] = 0x14
r[19] = 0x61
r[20] = 0x21
r[21] = 0x2b
r[22] = 0x32
r[23] = 0x2e
r[24] = 0x2f
r[25] = 0x5c
r[26] = 0x32
r[27] = 0x4d
r[28] = 0x2d
r[29] = 0x53
r[30] = 0x4e
r[31] = 0x1f
r[32] = 0x30

### Test Case 29
r[1] = 0x14
r[2] = 0x62
r[3] = 0x3e
r[4] = 0x18
r[5] = 0x36
r[6] = 0x45
r[7] = 0x5d
r[8] = 0x10
r[9] = 0x19
r[10] = 0x64
r[11] = 0x6
r[12] = 0x28
r[13] = 0x16
r[14] = 0xb
r[15] = 0x4d
r[16] = 0x57
r[17] = 0x4
r[18] = 0x5f
r[19] = 0x61
r[20] = 0x58
r[21] = 0x21
r[22] = 0x29
r[23] = 0x5e
r[24] = 0x3b
r[25] = 0x17
r[26] = 0x10
r[27] = 0x5b
r[28] = 0x4d
r[29] = 0xb
r[30] = 0x2a
r[31] = 0x47
r[32] = 0x53

### Test Case 30
r[1] = 0x27
r[2] = 0x5d
r[3] = 0x5f
r[4] = 0x28
r[5] = 0x4
r[6] = 0x3a
r[7] = 0x1
r[8] = 0x20
r[9] = 0x50
r[10] = 0x51
r[11] = 0x55
r[12] = 0x47
r[13] = 0x3f
r[14] = 0x56
r[15] = 0x23
r[16] = 0x1d
r[17] = 0x19
r[18] = 0xc
r[19] = 0x4f
r[20] = 0x63
r[21] = 0x4f
r[22] = 0x26
r[23] = 0x1c
r[24] = 0x2c
r[25] = 0x31
r[26] = 0x12
r[27] = 0x1c
r[28] = 0x1e
r[29] = 0x13
r[30] = 0x15
r[31] = 0x3a
r[32] = 0x2b

