r[0] = 0x0
r[1] = 0x17
r[2] = 0x1
r[3] = 0x5f
r[4] = 0x4b
r[5] = 0x50
r[6] = 0x1c
r[7] = 0x39
r[8] = 0x63
r[9] = 0x20
r[10] = 0x1c
r[11] = 0x4e
r[12] = 0x57
r[13] = 0x41
r[14] = 0x14
r[15] = 0x64
r[16] = 0x7
r[17] = 0x62
r[18] = 0x38
r[19] = 0x6
r[20] = 0x29
r[21] = 0x27
r[22] = 0x21
r[23] = 0x16
r[24] = 0x2f
r[25] = 0x62
r[26] = 0x12
r[27] = 0x1e
r[28] = 0x3a
r[29] = 0x19
r[30] = 0x29
r[31] = 0x57