r[0] = 0x0
r[1] = 0x13
r[2] = 0x26
r[3] = 0x36
r[4] = 0xa
r[5] = 0x3d
r[6] = 0x3b
r[7] = 0xa
r[8] = 0x5f
r[9] = 0x63
r[10] = 0x16
r[11] = 0x34
r[12] = 0x61
r[13] = 0x23
r[14] = 0xd
r[15] = 0x27
r[16] = 0x13
r[17] = 0x54
r[18] = 0x23
r[19] = 0x42
r[20] = 0x4e
r[21] = 0x16
r[22] = 0x3f
r[23] = 0x34
r[24] = 0x59
r[25] = 0x50
r[26] = 0x10
r[27] = 0x1c
r[28] = 0xa
r[29] = 0x2
r[30] = 0x5
r[31] = 0x35