r[0] = 0x0
r[1] = 0x49
r[2] = 0x27
r[3] = 0x46
r[4] = 0x1a
r[5] = 0x44
r[6] = 0x39
r[7] = 0x21
r[8] = 0xa
r[9] = 0x3d
r[10] = 0x8
r[11] = 0x6
r[12] = 0x16
r[13] = 0x9
r[14] = 0x45
r[15] = 0x3
r[16] = 0x63
r[17] = 0xf
r[18] = 0x37
r[19] = 0xc
r[20] = 0x57
r[21] = 0x3f
r[22] = 0x28
r[23] = 0x26
r[24] = 0x3f
r[25] = 0x36
r[26] = 0x1e
r[27] = 0x60
r[28] = 0x5
r[29] = 0xf
r[30] = 0x43
r[31] = 0x3d