r[0] = 0x0
r[1] = 0x25
r[2] = 0xe
r[3] = 0x29
r[4] = 0x43
r[5] = 0x5a
r[6] = 0x3a
r[7] = 0x54
r[8] = 0x1c
r[9] = 0x46
r[10] = 0x49
r[11] = 0x12
r[12] = 0x9
r[13] = 0x54
r[14] = 0x1e
r[15] = 0x17
r[16] = 0x1e
r[17] = 0x64
r[18] = 0x3
r[19] = 0x1c
r[20] = 0x21
r[21] = 0x2f
r[22] = 0x13
r[23] = 0x18
r[24] = 0x40
r[25] = 0x7
r[26] = 0x56
r[27] = 0x4f
r[28] = 0x55
r[29] = 0x62
r[30] = 0x2c
r[31] = 0xb