r[0] = 0x0
r[1] = 0x4e
r[2] = 0x39
r[3] = 0x1c
r[4] = 0x0
r[5] = 0x61
r[6] = 0x1b
r[7] = 0x52
r[8] = 0x46
r[9] = 0x2a
r[10] = 0x33
r[11] = 0x50
r[12] = 0x39
r[13] = 0x5a
r[14] = 0x2c
r[15] = 0x21
r[16] = 0x13
r[17] = 0xc
r[18] = 0x51
r[19] = 0x5b
r[20] = 0x47
r[21] = 0x5a
r[22] = 0x17
r[23] = 0x18
r[24] = 0x33
r[25] = 0x42
r[26] = 0x42
r[27] = 0x16
r[28] = 0x62
r[29] = 0x29
r[30] = 0x33
r[31] = 0x5a