r[0] = 0x0
r[1] = 0x9
r[2] = 0x35
r[3] = 0x5a
r[4] = 0x2a
r[5] = 0x61
r[6] = 0xf
r[7] = 0x2a
r[8] = 0x33
r[9] = 0x22
r[10] = 0x12
r[11] = 0xc
r[12] = 0x58
r[13] = 0x20
r[14] = 0x1
r[15] = 0x41
r[16] = 0x30
r[17] = 0x1e
r[18] = 0x35
r[19] = 0x1d
r[20] = 0x40
r[21] = 0x5c
r[22] = 0x48
r[23] = 0x34
r[24] = 0x2f
r[25] = 0x13
r[26] = 0xe
r[27] = 0x59
r[28] = 0x1d
r[29] = 0x1a
r[30] = 0x1d
r[31] = 0xf