r[0] = 0x0
r[1] = 0x36
r[2] = 0x31
r[3] = 0x31
r[4] = 0x1f
r[5] = 0x3c
r[6] = 0x5
r[7] = 0x8
r[8] = 0x8
r[9] = 0x32
r[10] = 0x15
r[11] = 0x55
r[12] = 0x64
r[13] = 0x3c
r[14] = 0x19
r[15] = 0x62
r[16] = 0x23
r[17] = 0x16
r[18] = 0x5d
r[19] = 0x5f
r[20] = 0x36
r[21] = 0x4b
r[22] = 0x55
r[23] = 0x2e
r[24] = 0x5f
r[25] = 0x18
r[26] = 0x13
r[27] = 0x61
r[28] = 0x5e
r[29] = 0x1a
r[30] = 0x6
r[31] = 0x23