r[0] = 0x0
r[1] = 0x2d
r[2] = 0x1c
r[3] = 0x17
r[4] = 0x47
r[5] = 0x22
r[6] = 0x3f
r[7] = 0x2a
r[8] = 0x5a
r[9] = 0x60
r[10] = 0x33
r[11] = 0x42
r[12] = 0x57
r[13] = 0xb
r[14] = 0x40
r[15] = 0x13
r[16] = 0x3f
r[17] = 0x9
r[18] = 0x3b
r[19] = 0x4
r[20] = 0x41
r[21] = 0x14
r[22] = 0x62
r[23] = 0x20
r[24] = 0x45
r[25] = 0x47
r[26] = 0x22
r[27] = 0x3b
r[28] = 0x0
r[29] = 0x25
r[30] = 0x45
r[31] = 0x60