r[0] = 0x0
r[1] = 0x4b
r[2] = 0x5b
r[3] = 0x3f
r[4] = 0x38
r[5] = 0x44
r[6] = 0x7
r[7] = 0x49
r[8] = 0x4
r[9] = 0x32
r[10] = 0x51
r[11] = 0x39
r[12] = 0x4f
r[13] = 0x55
r[14] = 0x64
r[15] = 0x4d
r[16] = 0x1f
r[17] = 0xc
r[18] = 0x47
r[19] = 0x59
r[20] = 0x11
r[21] = 0x2a
r[22] = 0x4e
r[23] = 0x51
r[24] = 0x14
r[25] = 0xb
r[26] = 0x58
r[27] = 0x59
r[28] = 0x9
r[29] = 0x3f
r[30] = 0x64
r[31] = 0x2c