r[0] = 0x0
r[1] = 0x1a
r[2] = 0x44
r[3] = 0x4
r[4] = 0x54
r[5] = 0x21
r[6] = 0x2e
r[7] = 0x9
r[8] = 0x9
r[9] = 0x10
r[10] = 0x3a
r[11] = 0x63
r[12] = 0x28
r[13] = 0x38
r[14] = 0x5d
r[15] = 0x61
r[16] = 0x61
r[17] = 0x15
r[18] = 0x5
r[19] = 0x64
r[20] = 0x24
r[21] = 0x1e
r[22] = 0x21
r[23] = 0x57
r[24] = 0x8
r[25] = 0x3a
r[26] = 0x20
r[27] = 0x47
r[28] = 0x2b
r[29] = 0x2d
r[30] = 0x5f
r[31] = 0x5a