r[0] = 0x0
r[1] = 0x4e
r[2] = 0x5b
r[3] = 0x13
r[4] = 0xa
r[5] = 0x23
r[6] = 0x61
r[7] = 0x0
r[8] = 0x21
r[9] = 0x4d
r[10] = 0x30
r[11] = 0x27
r[12] = 0x31
r[13] = 0x45
r[14] = 0x2
r[15] = 0x5b
r[16] = 0x50
r[17] = 0x18
r[18] = 0x3b
r[19] = 0x1d
r[20] = 0x3d
r[21] = 0x32
r[22] = 0x5
r[23] = 0x47
r[24] = 0xd
r[25] = 0x1f
r[26] = 0x1f
r[27] = 0x2
r[28] = 0x27
r[29] = 0x2e
r[30] = 0x4e
r[31] = 0x20