r[0] = 0x0
r[1] = 0x3f
r[2] = 0x26
r[3] = 0x4d
r[4] = 0x2e
r[5] = 0x24
r[6] = 0x41
r[7] = 0x7
r[8] = 0x5b
r[9] = 0x35
r[10] = 0x4a
r[11] = 0x34
r[12] = 0x6
r[13] = 0x24
r[14] = 0x24
r[15] = 0x39
r[16] = 0x9
r[17] = 0x3e
r[18] = 0x4
r[19] = 0x9
r[20] = 0x48
r[21] = 0x29
r[22] = 0x5c
r[23] = 0x49
r[24] = 0x63
r[25] = 0x30
r[26] = 0x3f
r[27] = 0x5d
r[28] = 0x2e
r[29] = 0x34
r[30] = 0x54
r[31] = 0x3