r[0] = 0x0
r[1] = 0x13
r[2] = 0x4d
r[3] = 0x1f
r[4] = 0x12
r[5] = 0xb
r[6] = 0x3
r[7] = 0x1
r[8] = 0x41
r[9] = 0x3d
r[10] = 0x4b
r[11] = 0x1e
r[12] = 0x16
r[13] = 0x54
r[14] = 0xd
r[15] = 0x42
r[16] = 0x4d
r[17] = 0x40
r[18] = 0x11
r[19] = 0x4
r[20] = 0x2b
r[21] = 0x1d
r[22] = 0x1b
r[23] = 0x2d
r[24] = 0x1c
r[25] = 0xf
r[26] = 0x5e
r[27] = 0x1a
r[28] = 0x27
r[29] = 0x3f
r[30] = 0x1d
r[31] = 0x11