r[0] = 0x0
r[1] = 0x0
r[2] = 0x6
r[3] = 0x52
r[4] = 0x3f
r[5] = 0x54
r[6] = 0x30
r[7] = 0x51
r[8] = 0x39
r[9] = 0x2a
r[10] = 0x59
r[11] = 0x5a
r[12] = 0x3e
r[13] = 0x4d
r[14] = 0x4e
r[15] = 0x48
r[16] = 0x64
r[17] = 0x2d
r[18] = 0x1c
r[19] = 0x26
r[20] = 0x8
r[21] = 0x37
r[22] = 0x58
r[23] = 0x56
r[24] = 0x12
r[25] = 0x2
r[26] = 0x2b
r[27] = 0x10
r[28] = 0x39
r[29] = 0x29
r[30] = 0x37
r[31] = 0x22