r[0] = 0x0
r[1] = 0x14
r[2] = 0x62
r[3] = 0x57
r[4] = 0x38
r[5] = 0x8
r[6] = 0x6
r[7] = 0x45
r[8] = 0x4d
r[9] = 0x58
r[10] = 0x3f
r[11] = 0x5f
r[12] = 0x19
r[13] = 0x41
r[14] = 0x2
r[15] = 0x34
r[16] = 0x2c
r[17] = 0x2d
r[18] = 0x4
r[19] = 0x5d
r[20] = 0x58
r[21] = 0x4c
r[22] = 0x18
r[23] = 0x35
r[24] = 0x4
r[25] = 0x28
r[26] = 0x3d
r[27] = 0xd
r[28] = 0x22
r[29] = 0x2
r[30] = 0x3d
r[31] = 0x15