r[0] = 0x0
r[1] = 0x5f
r[2] = 0x3b
r[3] = 0x25
r[4] = 0x5f
r[5] = 0x21
r[6] = 0xc
r[7] = 0x4d
r[8] = 0x4
r[9] = 0x7
r[10] = 0x5
r[11] = 0x2e
r[12] = 0x25
r[13] = 0x42
r[14] = 0xe
r[15] = 0x21
r[16] = 0x2d
r[17] = 0x10
r[18] = 0x5c
r[19] = 0x0
r[20] = 0x46
r[21] = 0x39
r[22] = 0x22
r[23] = 0x61
r[24] = 0x8
r[25] = 0x52
r[26] = 0x14
r[27] = 0x3b
r[28] = 0x2b
r[29] = 0x3c
r[30] = 0x1d
r[31] = 0x48