r[0] = 0x0
r[1] = 0x51
r[2] = 0xf
r[3] = 0x54
r[4] = 0x15
r[5] = 0x5c
r[6] = 0x59
r[7] = 0x31
r[8] = 0x36
r[9] = 0x49
r[10] = 0x8
r[11] = 0x22
r[12] = 0x5d
r[13] = 0x6
r[14] = 0x34
r[15] = 0x5
r[16] = 0x1c
r[17] = 0x8
r[18] = 0x55
r[19] = 0x7
r[20] = 0x2
r[21] = 0x60
r[22] = 0x33
r[23] = 0x29
r[24] = 0xf
r[25] = 0xd
r[26] = 0x5d
r[27] = 0x8
r[28] = 0x15
r[29] = 0x52
r[30] = 0x3
r[31] = 0x5b