r[0] = 0x0
r[1] = 0x64
r[2] = 0x3e
r[3] = 0x39
r[4] = 0x37
r[5] = 0x3b
r[6] = 0x4a
r[7] = 0x38
r[8] = 0x2a
r[9] = 0x2d
r[10] = 0x40
r[11] = 0x46
r[12] = 0x25
r[13] = 0x2b
r[14] = 0x35
r[15] = 0x59
r[16] = 0x22
r[17] = 0x23
r[18] = 0x28
r[19] = 0x38
r[20] = 0x2f
r[21] = 0x53
r[22] = 0x5a
r[23] = 0x1a
r[24] = 0x47
r[25] = 0x50
r[26] = 0x2b
r[27] = 0x4f
r[28] = 0x5b
r[29] = 0x0
r[30] = 0x25
r[31] = 0x40