r[0] = 0x0
r[1] = 0x21
r[2] = 0x5f
r[3] = 0x3f
r[4] = 0x44
r[5] = 0x9
r[6] = 0x6
r[7] = 0x39
r[8] = 0x48
r[9] = 0x49
r[10] = 0x51
r[11] = 0x5e
r[12] = 0x17
r[13] = 0x54
r[14] = 0x2d
r[15] = 0x5e
r[16] = 0x59
r[17] = 0x5b
r[18] = 0x64
r[19] = 0x5c
r[20] = 0x18
r[21] = 0x41
r[22] = 0x15
r[23] = 0x34
r[24] = 0x4e
r[25] = 0x52
r[26] = 0x61
r[27] = 0x49
r[28] = 0x15
r[29] = 0x19
r[30] = 0x52
r[31] = 0x49