r[0] = 0x0
r[1] = 0x24
r[2] = 0x47
r[3] = 0x31
r[4] = 0x43
r[5] = 0x45
r[6] = 0x1b
r[7] = 0x30
r[8] = 0x1
r[9] = 0x17
r[10] = 0x27
r[11] = 0x41
r[12] = 0x4
r[13] = 0x36
r[14] = 0x58
r[15] = 0x45
r[16] = 0x59
r[17] = 0x48
r[18] = 0x1b
r[19] = 0x4f
r[20] = 0x23
r[21] = 0x33
r[22] = 0x57
r[23] = 0x50
r[24] = 0x3
r[25] = 0x7
r[26] = 0x3
r[27] = 0x64
r[28] = 0x5
r[29] = 0xa
r[30] = 0x1f
r[31] = 0x4e