r[0] = 0x0
r[1] = 0x3d
r[2] = 0x22
r[3] = 0x12
r[4] = 0x20
r[5] = 0x40
r[6] = 0x5a
r[7] = 0xe
r[8] = 0x64
r[9] = 0x22
r[10] = 0x59
r[11] = 0x24
r[12] = 0x33
r[13] = 0x20
r[14] = 0x13
r[15] = 0x18
r[16] = 0xe
r[17] = 0x10
r[18] = 0x4
r[19] = 0x4
r[20] = 0x22
r[21] = 0xe
r[22] = 0x44
r[23] = 0x12
r[24] = 0x10
r[25] = 0xe
r[26] = 0x0
r[27] = 0x13
r[28] = 0x34
r[29] = 0x62
r[30] = 0x16
r[31] = 0x7