r[0] = 0x0
r[1] = 0x2d
r[2] = 0x15
r[3] = 0x31
r[4] = 0x1a
r[5] = 0x26
r[6] = 0x64
r[7] = 0x11
r[8] = 0x14
r[9] = 0x51
r[10] = 0x4
r[11] = 0x5f
r[12] = 0x57
r[13] = 0x49
r[14] = 0x5f
r[15] = 0x59
r[16] = 0xe
r[17] = 0x28
r[18] = 0x4d
r[19] = 0x49
r[20] = 0x4a
r[21] = 0x4b
r[22] = 0x1f
r[23] = 0x8
r[24] = 0x23
r[25] = 0x35
r[26] = 0x5f
r[27] = 0x60
r[28] = 0x1
r[29] = 0x3e
r[30] = 0x53
r[31] = 0x21