r[0] = 0x0
r[1] = 0x4
r[2] = 0x3e
r[3] = 0x31
r[4] = 0x20
r[5] = 0x41
r[6] = 0x59
r[7] = 0x25
r[8] = 0x3b
r[9] = 0x1e
r[10] = 0x48
r[11] = 0x56
r[12] = 0x3e
r[13] = 0x5
r[14] = 0x5
r[15] = 0x58
r[16] = 0x23
r[17] = 0x4e
r[18] = 0x5d
r[19] = 0x5b
r[20] = 0x39
r[21] = 0x46
r[22] = 0x1d
r[23] = 0x22
r[24] = 0x60
r[25] = 0x4
r[26] = 0x58
r[27] = 0x42
r[28] = 0xc
r[29] = 0xf
r[30] = 0x55
r[31] = 0x18