r[0] = 0x0
r[1] = 0x3c
r[2] = 0x9
r[3] = 0x4b
r[4] = 0x2d
r[5] = 0x64
r[6] = 0x1d
r[7] = 0x7
r[8] = 0x36
r[9] = 0x3d
r[10] = 0x5a
r[11] = 0x5e
r[12] = 0x2e
r[13] = 0x24
r[14] = 0x49
r[15] = 0x3a
r[16] = 0x21
r[17] = 0x62
r[18] = 0x51
r[19] = 0x5b
r[20] = 0x31
r[21] = 0x35
r[22] = 0x57
r[23] = 0x2d
r[24] = 0x1d
r[25] = 0x3c
r[26] = 0x1d
r[27] = 0x4
r[28] = 0x18
r[29] = 0x28
r[30] = 0xc
r[31] = 0x4f