r[0] = 0x0
r[1] = 0x35
r[2] = 0xd
r[3] = 0x59
r[4] = 0x49
r[5] = 0x30
r[6] = 0x62
r[7] = 0x1e
r[8] = 0x57
r[9] = 0x5c
r[10] = 0x4a
r[11] = 0x0
r[12] = 0x9
r[13] = 0x15
r[14] = 0x27
r[15] = 0x5e
r[16] = 0x2c
r[17] = 0x55
r[18] = 0x15
r[19] = 0x25
r[20] = 0x26
r[21] = 0xc
r[22] = 0x0
r[23] = 0x2f
r[24] = 0x1d
r[25] = 0x4e
r[26] = 0x42
r[27] = 0x5a
r[28] = 0x21
r[29] = 0x16
r[30] = 0x5e
r[31] = 0x13