r[0] = 0x0
r[1] = 0x42
r[2] = 0x16
r[3] = 0x2b
r[4] = 0x1f
r[5] = 0x24
r[6] = 0x19
r[7] = 0x3e
r[8] = 0x27
r[9] = 0x30
r[10] = 0x5c
r[11] = 0x5f
r[12] = 0x6
r[13] = 0x13
r[14] = 0x39
r[15] = 0x28
r[16] = 0x34
r[17] = 0x44
r[18] = 0x3e
r[19] = 0x2f
r[20] = 0x31
r[21] = 0xc
r[22] = 0xf
r[23] = 0x8
r[24] = 0x5f
r[25] = 0x49
r[26] = 0xb
r[27] = 0x34
r[28] = 0x1
r[29] = 0x61
r[30] = 0x37
r[31] = 0x7