r[0] = 0x0
r[1] = 0x47
r[2] = 0x61
r[3] = 0x46
r[4] = 0x39
r[5] = 0x5d
r[6] = 0x11
r[7] = 0x6
r[8] = 0x12
r[9] = 0x10
r[10] = 0x18
r[11] = 0x3d
r[12] = 0x16
r[13] = 0x5b
r[14] = 0x1a
r[15] = 0x48
r[16] = 0x35
r[17] = 0x1c
r[18] = 0x43
r[19] = 0x6
r[20] = 0x4b
r[21] = 0x2a
r[22] = 0x3
r[23] = 0x7
r[24] = 0x5e
r[25] = 0x2a
r[26] = 0x2c
r[27] = 0x2a
r[28] = 0x3
r[29] = 0x29
r[30] = 0x52
r[31] = 0x57