r[0] = 0x0
r[1] = 0x60
r[2] = 0x56
r[3] = 0x3
r[4] = 0x64
r[5] = 0x4e
r[6] = 0x3e
r[7] = 0x3d
r[8] = 0x2b
r[9] = 0x2d
r[10] = 0x15
r[11] = 0x52
r[12] = 0xa
r[13] = 0x7
r[14] = 0x28
r[15] = 0x54
r[16] = 0x44
r[17] = 0x48
r[18] = 0xb
r[19] = 0x5c
r[20] = 0x42
r[21] = 0x7
r[22] = 0x55
r[23] = 0x22
r[24] = 0x1f
r[25] = 0xe
r[26] = 0x1b
r[27] = 0x10
r[28] = 0x2b
r[29] = 0x38
r[30] = 0x59
r[31] = 0x12