r[0] = 0x0
r[1] = 0x34
r[2] = 0x47
r[3] = 0x2b
r[4] = 0x23
r[5] = 0x40
r[6] = 0x4a
r[7] = 0x40
r[8] = 0x34
r[9] = 0x39
r[10] = 0x5d
r[11] = 0x63
r[12] = 0x2b
r[13] = 0x1e
r[14] = 0x1a
r[15] = 0x18
r[16] = 0x58
r[17] = 0x53
r[18] = 0x34
r[19] = 0x7
r[20] = 0x25
r[21] = 0x41
r[22] = 0x5b
r[23] = 0x50
r[24] = 0x48
r[25] = 0x42
r[26] = 0xa
r[27] = 0x2d
r[28] = 0x22
r[29] = 0x3
r[30] = 0x59
r[31] = 0x8