r[0] = 0x0
r[1] = 0x1f
r[2] = 0x47
r[3] = 0x4c
r[4] = 0x5c
r[5] = 0x5c
r[6] = 0x34
r[7] = 0x1b
r[8] = 0x1b
r[9] = 0x45
r[10] = 0x3a
r[11] = 0x5d
r[12] = 0x6
r[13] = 0x50
r[14] = 0x18
r[15] = 0x2f
r[16] = 0x1b
r[17] = 0x33
r[18] = 0x57
r[19] = 0xf
r[20] = 0x16
r[21] = 0x1b
r[22] = 0x31
r[23] = 0x1e
r[24] = 0x4b
r[25] = 0x3d
r[26] = 0x44
r[27] = 0x54
r[28] = 0x20
r[29] = 0x34
r[30] = 0x2b
r[31] = 0x7