r[0] = 0x0
r[1] = 0x3e
r[2] = 0x20
r[3] = 0x34
r[4] = 0x1f
r[5] = 0x21
r[6] = 0x2b
r[7] = 0x17
r[8] = 0x36
r[9] = 0x30
r[10] = 0x1e
r[11] = 0x4d
r[12] = 0x53
r[13] = 0x62
r[14] = 0x3b
r[15] = 0x5a
r[16] = 0x1f
r[17] = 0x0
r[18] = 0x50
r[19] = 0x5
r[20] = 0x1a
r[21] = 0x10
r[22] = 0x21
r[23] = 0x43
r[24] = 0x12
r[25] = 0x23
r[26] = 0xa
r[27] = 0x3e
r[28] = 0x4e
r[29] = 0xc
r[30] = 0x6
r[31] = 0x21