r[0] = 0x0
r[1] = 0x8
r[2] = 0x55
r[3] = 0x35
r[4] = 0x23
r[5] = 0x46
r[6] = 0x41
r[7] = 0x10
r[8] = 0x43
r[9] = 0x2b
r[10] = 0x41
r[11] = 0x52
r[12] = 0x1a
r[13] = 0x9
r[14] = 0x0
r[15] = 0x4a
r[16] = 0x43
r[17] = 0x1e
r[18] = 0x26
r[19] = 0x2f
r[20] = 0x4b
r[21] = 0x37
r[22] = 0x47
r[23] = 0x31
r[24] = 0x59
r[25] = 0x16
r[26] = 0x29
r[27] = 0x23
r[28] = 0x22
r[29] = 0x29
r[30] = 0x41
r[31] = 0x59