r[0] = 0x0
r[1] = 0x2
r[2] = 0xa
r[3] = 0x31
r[4] = 0x8
r[5] = 0x34
r[6] = 0x26
r[7] = 0x1b
r[8] = 0x3b
r[9] = 0x2e
r[10] = 0x20
r[11] = 0x47
r[12] = 0x2e
r[13] = 0x26
r[14] = 0x42
r[15] = 0x39
r[16] = 0x63
r[17] = 0xa
r[18] = 0x10
r[19] = 0x3d
r[20] = 0x60
r[21] = 0xe
r[22] = 0x51
r[23] = 0x6
r[24] = 0x27
r[25] = 0x2a
r[26] = 0x2
r[27] = 0x1e
r[28] = 0x1d
r[29] = 0x33
r[30] = 0x54
r[31] = 0x4d