r[0] = 0x0
r[1] = 0x11
r[2] = 0x3c
r[3] = 0xb
r[4] = 0x4b
r[5] = 0x48
r[6] = 0x4c
r[7] = 0x54
r[8] = 0x4e
r[9] = 0x42
r[10] = 0x3f
r[11] = 0x49
r[12] = 0x20
r[13] = 0x38
r[14] = 0x3d
r[15] = 0x2b
r[16] = 0x24
r[17] = 0xc
r[18] = 0x2d
r[19] = 0x60
r[20] = 0x2
r[21] = 0x48
r[22] = 0x34
r[23] = 0x9
r[24] = 0x40
r[25] = 0x25
r[26] = 0x6
r[27] = 0x49
r[28] = 0x4f
r[29] = 0x3
r[30] = 0x29
r[31] = 0x37