r[0] = 0x0
r[1] = 0x0
r[2] = 0x3d
r[3] = 0xa
r[4] = 0x32
r[5] = 0xb
r[6] = 0xf
r[7] = 0x2c
r[8] = 0x42
r[9] = 0x3d
r[10] = 0x56
r[11] = 0x38
r[12] = 0x53
r[13] = 0xa
r[14] = 0x2c
r[15] = 0x53
r[16] = 0x4b
r[17] = 0x5a
r[18] = 0x5d
r[19] = 0x34
r[20] = 0x47
r[21] = 0x40
r[22] = 0x32
r[23] = 0x38
r[24] = 0x5e
r[25] = 0x4c
r[26] = 0x1e
r[27] = 0x62
r[28] = 0x10
r[29] = 0x55
r[30] = 0x43
r[31] = 0x2b