r[0] = 0x0
r[1] = 0x53
r[2] = 0x43
r[3] = 0x3f
r[4] = 0x6
r[5] = 0x31
r[6] = 0x5
r[7] = 0x50
r[8] = 0x3
r[9] = 0x50
r[10] = 0x29
r[11] = 0x12
r[12] = 0x15
r[13] = 0x28
r[14] = 0x59
r[15] = 0x1c
r[16] = 0x4e
r[17] = 0x39
r[18] = 0x4d
r[19] = 0x21
r[20] = 0xf
r[21] = 0x43
r[22] = 0x18
r[23] = 0x5e
r[24] = 0x2a
r[25] = 0x16
r[26] = 0x4
r[27] = 0x20
r[28] = 0x2d
r[29] = 0x64
r[30] = 0xe
r[31] = 0x14