r[0] = 0x0
r[1] = 0x4f
r[2] = 0x10
r[3] = 0x48
r[4] = 0x2c
r[5] = 0x2c
r[6] = 0xb
r[7] = 0x64
r[8] = 0x2f
r[9] = 0x3a
r[10] = 0x14
r[11] = 0x3c
r[12] = 0x1f
r[13] = 0x50
r[14] = 0x20
r[15] = 0x2
r[16] = 0x23
r[17] = 0x6
r[18] = 0x17
r[19] = 0x57
r[20] = 0x17
r[21] = 0x3c
r[22] = 0x39
r[23] = 0x53
r[24] = 0x29
r[25] = 0x46
r[26] = 0x4e
r[27] = 0x1a
r[28] = 0x56
r[29] = 0x1e
r[30] = 0x2c
r[31] = 0x5d