r[0] = 0x0
r[1] = 0x46
r[2] = 0x8
r[3] = 0x10
r[4] = 0x26
r[5] = 0xd
r[6] = 0x2e
r[7] = 0x45
r[8] = 0x1c
r[9] = 0x36
r[10] = 0x34
r[11] = 0xc
r[12] = 0x40
r[13] = 0x24
r[14] = 0x40
r[15] = 0x3b
r[16] = 0x57
r[17] = 0xe
r[18] = 0x56
r[19] = 0x20
r[20] = 0x24
r[21] = 0x2
r[22] = 0x12
r[23] = 0x43
r[24] = 0x2d
r[25] = 0x33
r[26] = 0x53
r[27] = 0x54
r[28] = 0x46
r[29] = 0x2f
r[30] = 0x2a
r[31] = 0x3