r[0] = 0x0
r[1] = 0x48
r[2] = 0x1f
r[3] = 0x47
r[4] = 0x8
r[5] = 0x3
r[6] = 0x1c
r[7] = 0x45
r[8] = 0x7
r[9] = 0x54
r[10] = 0xb
r[11] = 0x45
r[12] = 0x42
r[13] = 0x3d
r[14] = 0x3a
r[15] = 0x61
r[16] = 0x45
r[17] = 0x3
r[18] = 0x14
r[19] = 0x4f
r[20] = 0x58
r[21] = 0x2b
r[22] = 0x3a
r[23] = 0x5b
r[24] = 0x4b
r[25] = 0x2e
r[26] = 0x2e
r[27] = 0x43
r[28] = 0x2
r[29] = 0x12
r[30] = 0x3
r[31] = 0xb