r[0] = 0x0
r[1] = 0x41
r[2] = 0x2b
r[3] = 0x39
r[4] = 0x52
r[5] = 0x1b
r[6] = 0x1e
r[7] = 0x2c
r[8] = 0x19
r[9] = 0x2d
r[10] = 0x48
r[11] = 0x4f
r[12] = 0x19
r[13] = 0xc
r[14] = 0x43
r[15] = 0x1b
r[16] = 0x27
r[17] = 0x41
r[18] = 0x58
r[19] = 0x28
r[20] = 0x3f
r[21] = 0x19
r[22] = 0x26
r[23] = 0x32
r[24] = 0x30
r[25] = 0x25
r[26] = 0x4d
r[27] = 0x2c
r[28] = 0x5
r[29] = 0x6
r[30] = 0x10
r[31] = 0x4b