r[0] = 0x0
r[1] = 0x5d
r[2] = 0x1a
r[3] = 0x40
r[4] = 0x1
r[5] = 0x29
r[6] = 0x55
r[7] = 0x50
r[8] = 0x62
r[9] = 0x58
r[10] = 0x9
r[11] = 0x5d
r[12] = 0x3d
r[13] = 0x14
r[14] = 0xc
r[15] = 0x5e
r[16] = 0xc
r[17] = 0x36
r[18] = 0x16
r[19] = 0x49
r[20] = 0x2c
r[21] = 0x13
r[22] = 0x21
r[23] = 0x1f
r[24] = 0x54
r[25] = 0x5e
r[26] = 0x45
r[27] = 0x3b
r[28] = 0x5a
r[29] = 0x55
r[30] = 0x1b
r[31] = 0x6