r[0] = 0x0
r[1] = 0x54
r[2] = 0x3
r[3] = 0x47
r[4] = 0x7
r[5] = 0xd
r[6] = 0x9
r[7] = 0x52
r[8] = 0x5f
r[9] = 0x22
r[10] = 0x31
r[11] = 0x3e
r[12] = 0x59
r[13] = 0x6
r[14] = 0x22
r[15] = 0x1b
r[16] = 0x4b
r[17] = 0x41
r[18] = 0x4b
r[19] = 0x22
r[20] = 0x2d
r[21] = 0x1
r[22] = 0x18
r[23] = 0x3a
r[24] = 0x6
r[25] = 0x31
r[26] = 0x7
r[27] = 0xe
r[28] = 0x1c
r[29] = 0x19
r[30] = 0x14
r[31] = 0x5c