r[0] = 0x0
r[1] = 0x5f
r[2] = 0x0
r[3] = 0x52
r[4] = 0x12
r[5] = 0x12
r[6] = 0x3c
r[7] = 0x4
r[8] = 0x56
r[9] = 0xe
r[10] = 0xd
r[11] = 0x60
r[12] = 0x1d
r[13] = 0x4c
r[14] = 0x59
r[15] = 0x4b
r[16] = 0x1a
r[17] = 0x63
r[18] = 0x2c
r[19] = 0x9
r[20] = 0x16
r[21] = 0x28
r[22] = 0x3e
r[23] = 0x58
r[24] = 0x1a
r[25] = 0x47
r[26] = 0x43
r[27] = 0xa
r[28] = 0x4d
r[29] = 0x3b
r[30] = 0x37
r[31] = 0x39