r[0] = 0x0
r[1] = 0x3a
r[2] = 0xd
r[3] = 0x14
r[4] = 0x36
r[5] = 0x43
r[6] = 0x38
r[7] = 0x4d
r[8] = 0x36
r[9] = 0x41
r[10] = 0x4
r[11] = 0x13
r[12] = 0x5e
r[13] = 0x60
r[14] = 0x46
r[15] = 0x28
r[16] = 0x16
r[17] = 0x15
r[18] = 0x1d
r[19] = 0x12
r[20] = 0x39
r[21] = 0x13
r[22] = 0x2d
r[23] = 0x5b
r[24] = 0x14
r[25] = 0x57
r[26] = 0xd
r[27] = 0x45
r[28] = 0x30
r[29] = 0x1a
r[30] = 0x2
r[31] = 0x42