r[0] = 0x0
r[1] = 0x3e
r[2] = 0x29
r[3] = 0x51
r[4] = 0x50
r[5] = 0x2f
r[6] = 0x1b
r[7] = 0x5a
r[8] = 0x51
r[9] = 0x38
r[10] = 0x31
r[11] = 0x52
r[12] = 0x4b
r[13] = 0x61
r[14] = 0x53
r[15] = 0x5a
r[16] = 0x18
r[17] = 0x4a
r[18] = 0x2b
r[19] = 0x3d
r[20] = 0x9
r[21] = 0x55
r[22] = 0x1d
r[23] = 0x57
r[24] = 0x1a
r[25] = 0x5
r[26] = 0x1b
r[27] = 0xc
r[28] = 0x55
r[29] = 0x42
r[30] = 0x21
r[31] = 0x42