r[0] = 0x0
r[1] = 0x5
r[2] = 0x55
r[3] = 0x5f
r[4] = 0x2
r[5] = 0x3d
r[6] = 0x1e
r[7] = 0x47
r[8] = 0xd
r[9] = 0x2f
r[10] = 0x45
r[11] = 0x5f
r[12] = 0x44
r[13] = 0x30
r[14] = 0xc
r[15] = 0x30
r[16] = 0x16
r[17] = 0x7
r[18] = 0x2b
r[19] = 0x2b
r[20] = 0x4f
r[21] = 0x3f
r[22] = 0xe
r[23] = 0x2f
r[24] = 0x2e
r[25] = 0x34
r[26] = 0x2d
r[27] = 0x54
r[28] = 0x13
r[29] = 0x41
r[30] = 0x62
r[31] = 0x3d