r[0] = 0x0
r[1] = 0x45
r[2] = 0x27
r[3] = 0x25
r[4] = 0x36
r[5] = 0x4b
r[6] = 0x62
r[7] = 0x2f
r[8] = 0x38
r[9] = 0x1f
r[10] = 0x2a
r[11] = 0x1d
r[12] = 0x42
r[13] = 0x3c
r[14] = 0x62
r[15] = 0x5c
r[16] = 0x4f
r[17] = 0x6
r[18] = 0x40
r[19] = 0x40
r[20] = 0x50
r[21] = 0x56
r[22] = 0x23
r[23] = 0x29
r[24] = 0x2a
r[25] = 0x52
r[26] = 0x56
r[27] = 0x21
r[28] = 0x37
r[29] = 0x18
r[30] = 0xe
r[31] = 0x0