r[0] = 0x0
r[1] = 0x21
r[2] = 0x3
r[3] = 0x59
r[4] = 0x58
r[5] = 0x43
r[6] = 0x62
r[7] = 0x4a
r[8] = 0x18
r[9] = 0x3f
r[10] = 0x43
r[11] = 0x61
r[12] = 0x2e
r[13] = 0x2b
r[14] = 0x56
r[15] = 0x22
r[16] = 0x5b
r[17] = 0x62
r[18] = 0x28
r[19] = 0x30
r[20] = 0x49
r[21] = 0x35
r[22] = 0x6
r[23] = 0x64
r[24] = 0x1
r[25] = 0x2c
r[26] = 0x4b
r[27] = 0x4f
r[28] = 0x26
r[29] = 0x36
r[30] = 0x2a
r[31] = 0x2d