r[0] = 0x0
r[1] = 0x60
r[2] = 0x3b
r[3] = 0x55
r[4] = 0x15
r[5] = 0x5d
r[6] = 0x41
r[7] = 0x50
r[8] = 0x14
r[9] = 0x3d
r[10] = 0x22
r[11] = 0x43
r[12] = 0x41
r[13] = 0x52
r[14] = 0x2b
r[15] = 0xf
r[16] = 0x3b
r[17] = 0x22
r[18] = 0x25
r[19] = 0x60
r[20] = 0x27
r[21] = 0x56
r[22] = 0x46
r[23] = 0x4b
r[24] = 0x3f
r[25] = 0x3f
r[26] = 0x29
r[27] = 0x55
r[28] = 0x4c
r[29] = 0xd
r[30] = 0x7
r[31] = 0x0